I0612 21:40:25.387877 23294335592256 main_interval.py:163] sampling -- ckpt: 9, round: 47
I0612 21:40:44.387430 23060830746432 main_interval.py:163] sampling -- ckpt: 10, round: 41
I0612 21:41:02.425430 23294335592256 main_interval.py:163] sampling -- ckpt: 9, round: 48
I0612 21:41:21.220060 23060830746432 main_interval.py:163] sampling -- ckpt: 10, round: 42
I0612 21:41:39.279577 23294335592256 main_interval.py:144] 0 is converged model
I0612 21:41:39.289384 23294335592256 main_interval.py:148] /scratch/qingqu_root/qingqu1/shared_data/dpm_experiments/dpm_deep/checkpoints/checkpoint_8.pth
I0612 21:41:58.045891 23060830746432 main_interval.py:163] sampling -- ckpt: 10, round: 43
I0612 21:42:34.889342 23060830746432 main_interval.py:163] sampling -- ckpt: 10, round: 44
I0612 21:43:11.696935 23060830746432 main_interval.py:163] sampling -- ckpt: 10, round: 45
I0612 21:43:48.991861 23060830746432 main_interval.py:163] sampling -- ckpt: 10, round: 46
I0612 21:44:25.791410 23060830746432 main_interval.py:163] sampling -- ckpt: 10, round: 47
I0612 21:45:02.597207 23060830746432 main_interval.py:163] sampling -- ckpt: 10, round: 48
I0612 21:45:39.397542 23060830746432 main_interval.py:144] 0 is converged model
I0612 21:45:39.397818 23060830746432 main_interval.py:148] /scratch/qingqu_root/qingqu1/shared_data/dpm_experiments/dpm_deep/checkpoints/checkpoint_8.pth
I0612 21:50:57.804092 23294335592256 main_interval.py:148] /scratch/qingqu_root/qingqu1/shared_data/dpm_experiments/multistage/checkpoints/checkpoint_10.pth
I0612 21:56:07.730890 23060830746432 main_interval.py:148] /scratch/qingqu_root/qingqu1/shared_data/dpm_experiments/multistage/checkpoints/checkpoint_11.pth
I0612 22:07:23.152669 23294335592256 main_interval.py:144] 2 is converged model
I0612 22:07:23.163443 23294335592256 main_interval.py:148] /scratch/qingqu_root/qingqu1/shared_data/dpm_experiments/dpm_deep/checkpoints/checkpoint_8.pth
I0612 22:12:40.011292 23060830746432 main_interval.py:144] 2 is converged model
I0612 22:12:40.033803 23060830746432 main_interval.py:148] /scratch/qingqu_root/qingqu1/shared_data/dpm_experiments/dpm_deep/checkpoints/checkpoint_8.pth
I0612 22:17:18.007226 23294335592256 main_interval.py:159] /scratch/qingqu_root/qingqu1/shared_data/dpm_experiments/multistage_converge/i1
I0612 22:17:18.026420 23294335592256 main_interval.py:163] sampling -- ckpt: 10, round: 0
I0612 22:17:55.701334 23294335592256 main_interval.py:163] sampling -- ckpt: 10, round: 1
I0612 22:18:32.372401 23294335592256 main_interval.py:163] sampling -- ckpt: 10, round: 2
I0612 22:19:09.140750 23294335592256 main_interval.py:163] sampling -- ckpt: 10, round: 3
I0612 22:19:45.963480 23294335592256 main_interval.py:163] sampling -- ckpt: 10, round: 4
I0612 22:20:22.790955 23294335592256 main_interval.py:163] sampling -- ckpt: 10, round: 5
I0612 22:20:59.638537 23294335592256 main_interval.py:163] sampling -- ckpt: 10, round: 6
I0612 22:21:36.487959 23294335592256 main_interval.py:163] sampling -- ckpt: 10, round: 7
I0612 22:22:13.339185 23294335592256 main_interval.py:163] sampling -- ckpt: 10, round: 8
I0612 22:22:46.892852 23060830746432 main_interval.py:159] /scratch/qingqu_root/qingqu1/shared_data/dpm_experiments/multistage_converge/i1
I0612 22:22:46.894762 23060830746432 main_interval.py:163] sampling -- ckpt: 11, round: 0
I0612 22:22:50.188639 23294335592256 main_interval.py:163] sampling -- ckpt: 10, round: 9
I0612 22:23:23.633778 23060830746432 main_interval.py:163] sampling -- ckpt: 11, round: 1
I0612 22:23:27.030674 23294335592256 main_interval.py:163] sampling -- ckpt: 10, round: 10
I0612 22:24:00.213811 23060830746432 main_interval.py:163] sampling -- ckpt: 11, round: 2
I0612 22:24:03.858778 23294335592256 main_interval.py:163] sampling -- ckpt: 10, round: 11
I0612 22:24:36.969863 23060830746432 main_interval.py:163] sampling -- ckpt: 11, round: 3
I0612 22:24:40.704873 23294335592256 main_interval.py:163] sampling -- ckpt: 10, round: 12
I0612 22:25:13.681138 23060830746432 main_interval.py:163] sampling -- ckpt: 11, round: 4
I0612 22:25:17.542738 23294335592256 main_interval.py:163] sampling -- ckpt: 10, round: 13
I0612 22:25:50.576425 23060830746432 main_interval.py:163] sampling -- ckpt: 11, round: 5
I0612 22:25:54.384047 23294335592256 main_interval.py:163] sampling -- ckpt: 10, round: 14
I0612 22:26:27.323097 23060830746432 main_interval.py:163] sampling -- ckpt: 11, round: 6
I0612 22:26:31.205964 23294335592256 main_interval.py:163] sampling -- ckpt: 10, round: 15
I0612 22:27:04.062921 23060830746432 main_interval.py:163] sampling -- ckpt: 11, round: 7
I0612 22:27:08.071878 23294335592256 main_interval.py:163] sampling -- ckpt: 10, round: 16
I0612 22:27:40.864614 23060830746432 main_interval.py:163] sampling -- ckpt: 11, round: 8
I0612 22:27:44.905015 23294335592256 main_interval.py:163] sampling -- ckpt: 10, round: 17
I0612 22:28:17.602442 23060830746432 main_interval.py:163] sampling -- ckpt: 11, round: 9
I0612 22:28:22.079224 23294335592256 main_interval.py:163] sampling -- ckpt: 10, round: 18
I0612 22:28:54.346998 23060830746432 main_interval.py:163] sampling -- ckpt: 11, round: 10
I0612 22:28:58.882341 23294335592256 main_interval.py:163] sampling -- ckpt: 10, round: 19
I0612 22:29:31.181657 23060830746432 main_interval.py:163] sampling -- ckpt: 11, round: 11
I0612 22:29:35.702009 23294335592256 main_interval.py:163] sampling -- ckpt: 10, round: 20
I0612 22:30:08.001380 23060830746432 main_interval.py:163] sampling -- ckpt: 11, round: 12
I0612 22:30:12.544008 23294335592256 main_interval.py:163] sampling -- ckpt: 10, round: 21
I0612 22:30:44.740192 23060830746432 main_interval.py:163] sampling -- ckpt: 11, round: 13
I0612 22:30:49.441036 23294335592256 main_interval.py:163] sampling -- ckpt: 10, round: 22
I0612 22:31:21.463614 23060830746432 main_interval.py:163] sampling -- ckpt: 11, round: 14
I0612 22:31:26.295523 23294335592256 main_interval.py:163] sampling -- ckpt: 10, round: 23
I0612 22:31:58.204486 23060830746432 main_interval.py:163] sampling -- ckpt: 11, round: 15
I0612 22:32:03.099929 23294335592256 main_interval.py:163] sampling -- ckpt: 10, round: 24
I0612 22:32:34.942419 23060830746432 main_interval.py:163] sampling -- ckpt: 11, round: 16
I0612 22:32:39.941207 23294335592256 main_interval.py:163] sampling -- ckpt: 10, round: 25
I0612 22:33:11.646546 23060830746432 main_interval.py:163] sampling -- ckpt: 11, round: 17
I0612 22:33:16.738431 23294335592256 main_interval.py:163] sampling -- ckpt: 10, round: 26
I0612 22:33:48.394237 23060830746432 main_interval.py:163] sampling -- ckpt: 11, round: 18
I0612 22:33:53.541906 23294335592256 main_interval.py:163] sampling -- ckpt: 10, round: 27
I0612 22:34:25.128274 23060830746432 main_interval.py:163] sampling -- ckpt: 11, round: 19
I0612 22:34:30.394676 23294335592256 main_interval.py:163] sampling -- ckpt: 10, round: 28
I0612 22:35:01.868036 23060830746432 main_interval.py:163] sampling -- ckpt: 11, round: 20
I0612 22:35:07.243173 23294335592256 main_interval.py:163] sampling -- ckpt: 10, round: 29
I0612 22:35:38.618194 23060830746432 main_interval.py:163] sampling -- ckpt: 11, round: 21
I0612 22:35:44.212922 23294335592256 main_interval.py:163] sampling -- ckpt: 10, round: 30
I0612 22:36:15.489984 23060830746432 main_interval.py:163] sampling -- ckpt: 11, round: 22
I0612 22:36:21.061837 23294335592256 main_interval.py:163] sampling -- ckpt: 10, round: 31
I0612 22:36:52.475389 23060830746432 main_interval.py:163] sampling -- ckpt: 11, round: 23
I0612 22:36:57.860129 23294335592256 main_interval.py:163] sampling -- ckpt: 10, round: 32
I0612 22:37:29.240792 23060830746432 main_interval.py:163] sampling -- ckpt: 11, round: 24
I0612 22:37:34.681267 23294335592256 main_interval.py:163] sampling -- ckpt: 10, round: 33
I0612 22:38:06.055809 23060830746432 main_interval.py:163] sampling -- ckpt: 11, round: 25
I0612 22:38:12.067511 23294335592256 main_interval.py:163] sampling -- ckpt: 10, round: 34
I0612 22:38:42.847730 23060830746432 main_interval.py:163] sampling -- ckpt: 11, round: 26
I0612 22:38:48.941846 23294335592256 main_interval.py:163] sampling -- ckpt: 10, round: 35
I0612 22:39:19.621389 23060830746432 main_interval.py:163] sampling -- ckpt: 11, round: 27
I0612 22:39:25.772734 23294335592256 main_interval.py:163] sampling -- ckpt: 10, round: 36
I0612 22:39:56.411701 23060830746432 main_interval.py:163] sampling -- ckpt: 11, round: 28
I0612 22:40:02.602151 23294335592256 main_interval.py:163] sampling -- ckpt: 10, round: 37
I0612 22:40:33.750346 23060830746432 main_interval.py:163] sampling -- ckpt: 11, round: 29
I0612 22:40:39.436727 23294335592256 main_interval.py:163] sampling -- ckpt: 10, round: 38
I0612 22:41:10.703083 23060830746432 main_interval.py:163] sampling -- ckpt: 11, round: 30
I0612 22:41:16.266547 23294335592256 main_interval.py:163] sampling -- ckpt: 10, round: 39
I0612 22:41:47.460930 23060830746432 main_interval.py:163] sampling -- ckpt: 11, round: 31
I0612 22:41:53.055296 23294335592256 main_interval.py:163] sampling -- ckpt: 10, round: 40
I0612 22:42:24.300170 23060830746432 main_interval.py:163] sampling -- ckpt: 11, round: 32
I0612 22:42:29.843387 23294335592256 main_interval.py:163] sampling -- ckpt: 10, round: 41
I0612 22:43:01.045374 23060830746432 main_interval.py:163] sampling -- ckpt: 11, round: 33
I0612 22:43:07.454203 23294335592256 main_interval.py:163] sampling -- ckpt: 10, round: 42
I0612 22:43:37.768276 23060830746432 main_interval.py:163] sampling -- ckpt: 11, round: 34
I0612 22:43:44.285161 23294335592256 main_interval.py:163] sampling -- ckpt: 10, round: 43
I0612 22:44:14.517956 23060830746432 main_interval.py:163] sampling -- ckpt: 11, round: 35
I0612 22:44:21.097225 23294335592256 main_interval.py:163] sampling -- ckpt: 10, round: 44
I0612 22:44:51.245312 23060830746432 main_interval.py:163] sampling -- ckpt: 11, round: 36
I0612 22:44:57.922263 23294335592256 main_interval.py:163] sampling -- ckpt: 10, round: 45
I0612 22:45:27.991489 23060830746432 main_interval.py:163] sampling -- ckpt: 11, round: 37
I0612 22:45:34.793641 23294335592256 main_interval.py:163] sampling -- ckpt: 10, round: 46
I0612 22:46:05.089968 23060830746432 main_interval.py:163] sampling -- ckpt: 11, round: 38
I0612 22:46:11.644372 23294335592256 main_interval.py:163] sampling -- ckpt: 10, round: 47
I0612 22:46:41.835829 23060830746432 main_interval.py:163] sampling -- ckpt: 11, round: 39
I0612 22:46:48.488354 23294335592256 main_interval.py:163] sampling -- ckpt: 10, round: 48
I0612 22:47:18.557344 23060830746432 main_interval.py:163] sampling -- ckpt: 11, round: 40
I0612 22:47:25.322329 23294335592256 main_interval.py:144] 0 is converged model
I0612 22:47:25.328762 23294335592256 main_interval.py:148] /scratch/qingqu_root/qingqu1/shared_data/dpm_experiments/dpm_deep/checkpoints/checkpoint_8.pth
I0612 22:47:55.296867 23060830746432 main_interval.py:163] sampling -- ckpt: 11, round: 41
I0612 22:48:32.025171 23060830746432 main_interval.py:163] sampling -- ckpt: 11, round: 42
I0612 22:49:08.748698 23060830746432 main_interval.py:163] sampling -- ckpt: 11, round: 43
I0612 22:49:45.472351 23060830746432 main_interval.py:163] sampling -- ckpt: 11, round: 44
I0612 22:50:22.188622 23060830746432 main_interval.py:163] sampling -- ckpt: 11, round: 45
I0612 22:50:59.076771 23060830746432 main_interval.py:163] sampling -- ckpt: 11, round: 46
I0612 22:51:35.794323 23060830746432 main_interval.py:163] sampling -- ckpt: 11, round: 47
I0612 22:52:12.512140 23060830746432 main_interval.py:163] sampling -- ckpt: 11, round: 48
I0612 22:52:49.211043 23060830746432 main_interval.py:144] 0 is converged model
I0612 22:52:49.211197 23060830746432 main_interval.py:148] /scratch/qingqu_root/qingqu1/shared_data/dpm_experiments/dpm_deep/checkpoints/checkpoint_8.pth
I0612 22:54:28.492618 23294335592256 main_interval.py:148] /scratch/qingqu_root/qingqu1/shared_data/dpm_experiments/multistage/checkpoints/checkpoint_11.pth
I0612 22:59:19.868299 23060830746432 main_interval.py:148] /scratch/qingqu_root/qingqu1/shared_data/dpm_experiments/multistage/checkpoints/checkpoint_12.pth
I0612 23:05:36.887962 23294335592256 main_interval.py:144] 2 is converged model
I0612 23:05:36.985751 23294335592256 main_interval.py:148] /scratch/qingqu_root/qingqu1/shared_data/dpm_experiments/dpm_deep/checkpoints/checkpoint_8.pth
I0612 23:11:01.726670 23060830746432 main_interval.py:144] 2 is converged model
I0612 23:11:01.738323 23060830746432 main_interval.py:148] /scratch/qingqu_root/qingqu1/shared_data/dpm_experiments/dpm_deep/checkpoints/checkpoint_8.pth
I0612 23:13:08.991923 23294335592256 main_interval.py:159] /scratch/qingqu_root/qingqu1/shared_data/dpm_experiments/multistage_converge/i1
I0612 23:13:09.011343 23294335592256 main_interval.py:163] sampling -- ckpt: 11, round: 0
I0612 23:13:45.775808 23294335592256 main_interval.py:163] sampling -- ckpt: 11, round: 1
I0612 23:14:22.437032 23294335592256 main_interval.py:163] sampling -- ckpt: 11, round: 2
I0612 23:14:59.194710 23294335592256 main_interval.py:163] sampling -- ckpt: 11, round: 3
I0612 23:15:36.024661 23294335592256 main_interval.py:163] sampling -- ckpt: 11, round: 4
I0612 23:16:12.870810 23294335592256 main_interval.py:163] sampling -- ckpt: 11, round: 5
I0612 23:16:49.684886 23294335592256 main_interval.py:163] sampling -- ckpt: 11, round: 6
I0612 23:17:26.474332 23294335592256 main_interval.py:163] sampling -- ckpt: 11, round: 7
I0612 23:18:03.226827 23294335592256 main_interval.py:163] sampling -- ckpt: 11, round: 8
I0612 23:18:39.956249 23294335592256 main_interval.py:163] sampling -- ckpt: 11, round: 9
I0612 23:19:08.023620 23060830746432 main_interval.py:159] /scratch/qingqu_root/qingqu1/shared_data/dpm_experiments/multistage_converge/i1
I0612 23:19:08.042074 23060830746432 main_interval.py:163] sampling -- ckpt: 12, round: 0
I0612 23:19:16.707755 23294335592256 main_interval.py:163] sampling -- ckpt: 11, round: 10
I0612 23:19:44.835117 23060830746432 main_interval.py:163] sampling -- ckpt: 12, round: 1
I0612 23:19:53.468473 23294335592256 main_interval.py:163] sampling -- ckpt: 11, round: 11
I0612 23:20:21.700897 23060830746432 main_interval.py:163] sampling -- ckpt: 12, round: 2
I0612 23:20:30.269538 23294335592256 main_interval.py:163] sampling -- ckpt: 11, round: 12
I0612 23:20:58.524863 23060830746432 main_interval.py:163] sampling -- ckpt: 12, round: 3
I0612 23:21:07.101232 23294335592256 main_interval.py:163] sampling -- ckpt: 11, round: 13
I0612 23:21:35.244226 23060830746432 main_interval.py:163] sampling -- ckpt: 12, round: 4
I0612 23:21:44.606311 23294335592256 main_interval.py:163] sampling -- ckpt: 11, round: 14
I0612 23:22:11.974137 23060830746432 main_interval.py:163] sampling -- ckpt: 12, round: 5
I0612 23:22:21.435394 23294335592256 main_interval.py:163] sampling -- ckpt: 11, round: 15
I0612 23:22:48.932987 23060830746432 main_interval.py:163] sampling -- ckpt: 12, round: 6
I0612 23:22:58.275663 23294335592256 main_interval.py:163] sampling -- ckpt: 11, round: 16
I0612 23:23:25.681240 23060830746432 main_interval.py:163] sampling -- ckpt: 12, round: 7
I0612 23:23:35.131908 23294335592256 main_interval.py:163] sampling -- ckpt: 11, round: 17
I0612 23:24:02.453490 23060830746432 main_interval.py:163] sampling -- ckpt: 12, round: 8
I0612 23:24:11.965311 23294335592256 main_interval.py:163] sampling -- ckpt: 11, round: 18
I0612 23:24:39.202024 23060830746432 main_interval.py:163] sampling -- ckpt: 12, round: 9
I0612 23:24:48.858890 23294335592256 main_interval.py:163] sampling -- ckpt: 11, round: 19
I0612 23:25:15.974090 23060830746432 main_interval.py:163] sampling -- ckpt: 12, round: 10
I0612 23:25:25.701011 23294335592256 main_interval.py:163] sampling -- ckpt: 11, round: 20
I0612 23:25:52.716040 23060830746432 main_interval.py:163] sampling -- ckpt: 12, round: 11
I0612 23:26:02.591533 23294335592256 main_interval.py:163] sampling -- ckpt: 11, round: 21
I0612 23:26:29.442670 23060830746432 main_interval.py:163] sampling -- ckpt: 12, round: 12
I0612 23:26:39.511025 23294335592256 main_interval.py:163] sampling -- ckpt: 11, round: 22
I0612 23:27:06.186217 23060830746432 main_interval.py:163] sampling -- ckpt: 12, round: 13
I0612 23:27:16.368608 23294335592256 main_interval.py:163] sampling -- ckpt: 11, round: 23
I0612 23:27:42.931477 23060830746432 main_interval.py:163] sampling -- ckpt: 12, round: 14
I0612 23:27:53.244907 23294335592256 main_interval.py:163] sampling -- ckpt: 11, round: 24
I0612 23:28:19.654394 23060830746432 main_interval.py:163] sampling -- ckpt: 12, round: 15
I0612 23:28:30.095892 23294335592256 main_interval.py:163] sampling -- ckpt: 11, round: 25
I0612 23:28:56.419731 23060830746432 main_interval.py:163] sampling -- ckpt: 12, round: 16
I0612 23:29:06.951000 23294335592256 main_interval.py:163] sampling -- ckpt: 11, round: 26
I0612 23:29:33.353321 23060830746432 main_interval.py:163] sampling -- ckpt: 12, round: 17
I0612 23:29:43.842606 23294335592256 main_interval.py:163] sampling -- ckpt: 11, round: 27
I0612 23:30:10.092400 23060830746432 main_interval.py:163] sampling -- ckpt: 12, round: 18
I0612 23:30:20.675215 23294335592256 main_interval.py:163] sampling -- ckpt: 11, round: 28
I0612 23:30:46.828480 23060830746432 main_interval.py:163] sampling -- ckpt: 12, round: 19
I0612 23:30:57.514852 23294335592256 main_interval.py:163] sampling -- ckpt: 11, round: 29
I0612 23:31:23.578573 23060830746432 main_interval.py:163] sampling -- ckpt: 12, round: 20
I0612 23:31:34.347347 23294335592256 main_interval.py:163] sampling -- ckpt: 11, round: 30
I0612 23:32:00.314845 23060830746432 main_interval.py:163] sampling -- ckpt: 12, round: 21
I0612 23:32:11.190253 23294335592256 main_interval.py:163] sampling -- ckpt: 11, round: 31
I0612 23:32:37.059181 23060830746432 main_interval.py:163] sampling -- ckpt: 12, round: 22
I0612 23:32:48.040622 23294335592256 main_interval.py:163] sampling -- ckpt: 11, round: 32
I0612 23:33:13.914938 23060830746432 main_interval.py:163] sampling -- ckpt: 12, round: 23
I0612 23:33:24.877862 23294335592256 main_interval.py:163] sampling -- ckpt: 11, round: 33
I0612 23:33:50.643444 23060830746432 main_interval.py:163] sampling -- ckpt: 12, round: 24
I0612 23:34:01.728451 23294335592256 main_interval.py:163] sampling -- ckpt: 11, round: 34
I0612 23:34:27.387216 23060830746432 main_interval.py:163] sampling -- ckpt: 12, round: 25
I0612 23:34:38.549057 23294335592256 main_interval.py:163] sampling -- ckpt: 11, round: 35
I0612 23:35:04.165491 23060830746432 main_interval.py:163] sampling -- ckpt: 12, round: 26
I0612 23:35:15.396859 23294335592256 main_interval.py:163] sampling -- ckpt: 11, round: 36
I0612 23:35:40.928589 23060830746432 main_interval.py:163] sampling -- ckpt: 12, round: 27
I0612 23:35:52.228187 23294335592256 main_interval.py:163] sampling -- ckpt: 11, round: 37
I0612 23:36:17.740095 23060830746432 main_interval.py:163] sampling -- ckpt: 12, round: 28
I0612 23:36:29.132940 23294335592256 main_interval.py:163] sampling -- ckpt: 11, round: 38
I0612 23:36:54.485929 23060830746432 main_interval.py:163] sampling -- ckpt: 12, round: 29
I0612 23:37:06.022208 23294335592256 main_interval.py:163] sampling -- ckpt: 11, round: 39
I0612 23:37:31.220108 23060830746432 main_interval.py:163] sampling -- ckpt: 12, round: 30
I0612 23:37:43.056125 23294335592256 main_interval.py:163] sampling -- ckpt: 11, round: 40
I0612 23:38:08.468023 23060830746432 main_interval.py:163] sampling -- ckpt: 12, round: 31
I0612 23:38:19.962126 23294335592256 main_interval.py:163] sampling -- ckpt: 11, round: 41
I0612 23:38:45.352868 23060830746432 main_interval.py:163] sampling -- ckpt: 12, round: 32
I0612 23:38:56.810612 23294335592256 main_interval.py:163] sampling -- ckpt: 11, round: 42
I0612 23:39:22.112335 23060830746432 main_interval.py:163] sampling -- ckpt: 12, round: 33
I0612 23:39:33.644617 23294335592256 main_interval.py:163] sampling -- ckpt: 11, round: 43
I0612 23:39:58.866596 23060830746432 main_interval.py:163] sampling -- ckpt: 12, round: 34
I0612 23:40:10.493393 23294335592256 main_interval.py:163] sampling -- ckpt: 11, round: 44
I0612 23:40:35.620484 23060830746432 main_interval.py:163] sampling -- ckpt: 12, round: 35
I0612 23:40:47.352624 23294335592256 main_interval.py:163] sampling -- ckpt: 11, round: 45
I0612 23:41:12.658945 23060830746432 main_interval.py:163] sampling -- ckpt: 12, round: 36
I0612 23:41:24.211052 23294335592256 main_interval.py:163] sampling -- ckpt: 11, round: 46
I0612 23:41:49.406043 23060830746432 main_interval.py:163] sampling -- ckpt: 12, round: 37
I0612 23:42:01.077692 23294335592256 main_interval.py:163] sampling -- ckpt: 11, round: 47
I0612 23:42:26.156154 23060830746432 main_interval.py:163] sampling -- ckpt: 12, round: 38
I0612 23:42:37.977150 23294335592256 main_interval.py:163] sampling -- ckpt: 11, round: 48
I0612 23:43:02.913026 23060830746432 main_interval.py:163] sampling -- ckpt: 12, round: 39
I0612 23:43:14.834652 23294335592256 main_interval.py:144] 0 is converged model
I0612 23:43:14.872077 23294335592256 main_interval.py:148] /scratch/qingqu_root/qingqu1/shared_data/dpm_experiments/dpm_deep/checkpoints/checkpoint_8.pth
I0612 23:43:39.668302 23060830746432 main_interval.py:163] sampling -- ckpt: 12, round: 40
I0612 23:44:16.446613 23060830746432 main_interval.py:163] sampling -- ckpt: 12, round: 41
I0612 23:44:53.169583 23060830746432 main_interval.py:163] sampling -- ckpt: 12, round: 42
I0612 23:45:29.905574 23060830746432 main_interval.py:163] sampling -- ckpt: 12, round: 43
I0612 23:46:06.698092 23060830746432 main_interval.py:163] sampling -- ckpt: 12, round: 44
I0612 23:46:43.432641 23060830746432 main_interval.py:163] sampling -- ckpt: 12, round: 45
I0612 23:47:20.167814 23060830746432 main_interval.py:163] sampling -- ckpt: 12, round: 46
I0612 23:47:56.905183 23060830746432 main_interval.py:163] sampling -- ckpt: 12, round: 47
I0612 23:48:33.628800 23060830746432 main_interval.py:163] sampling -- ckpt: 12, round: 48
2023-06-12 23:49:18.861115: I tensorflow/core/platform/cpu_feature_guard.cc:193] This TensorFlow binary is optimized with oneAPI Deep Neural Network Library (oneDNN) to use the following CPU instructions in performance-critical operations:  AVX2 AVX512F AVX512_VNNI FMA
To enable them in other operations, rebuild TensorFlow with the appropriate compiler flags.
2023-06-12 23:49:19.005485: I tensorflow/core/util/port.cc:104] oneDNN custom operations are on. You may see slightly different numerical results due to floating-point round-off errors from different computation orders. To turn them off, set the environment variable `TF_ENABLE_ONEDNN_OPTS=0`.
2023-06-12 23:49:21.021721: W tensorflow/compiler/xla/stream_executor/platform/default/dso_loader.cc:64] Could not load dynamic library 'libnvinfer.so.7'; dlerror: libnvinfer.so.7: cannot open shared object file: No such file or directory; LD_LIBRARY_PATH: /sw/pkgs/arc/cudnn/11.7-v8.7.0/lib64:/sw/pkgs/arc/cuda/11.7.1/lib64
2023-06-12 23:49:21.021827: W tensorflow/compiler/xla/stream_executor/platform/default/dso_loader.cc:64] Could not load dynamic library 'libnvinfer_plugin.so.7'; dlerror: libnvinfer_plugin.so.7: cannot open shared object file: No such file or directory; LD_LIBRARY_PATH: /sw/pkgs/arc/cudnn/11.7-v8.7.0/lib64:/sw/pkgs/arc/cuda/11.7.1/lib64
2023-06-12 23:49:21.043563: W tensorflow/compiler/tf2tensorrt/utils/py_utils.cc:38] TF-TRT Warning: Cannot dlopen some TensorRT libraries. If you would like to use Nvidia GPU with TensorRT, please make sure the missing libraries mentioned above are installed properly.
/home/yifulu/.conda/envs/dpm2/lib/python3.8/site-packages/tensorflow_io/python/ops/__init__.py:98: UserWarning: unable to load libtensorflow_io_plugins.so: unable to open file: libtensorflow_io_plugins.so, from paths: ['/home/yifulu/.conda/envs/dpm2/lib/python3.8/site-packages/tensorflow_io/python/ops/libtensorflow_io_plugins.so']
caused by: ['/home/yifulu/.conda/envs/dpm2/lib/python3.8/site-packages/tensorflow_io/python/ops/libtensorflow_io_plugins.so: undefined symbol: _ZN3tsl6StatusC1EN10tensorflow5error4CodeESt17basic_string_viewIcSt11char_traitsIcEENS_18SourceLocationImplE']
  warnings.warn(f"unable to load libtensorflow_io_plugins.so: {e}")
/home/yifulu/.conda/envs/dpm2/lib/python3.8/site-packages/tensorflow_io/python/ops/__init__.py:104: UserWarning: file system plugins are not loaded: unable to open file: libtensorflow_io.so, from paths: ['/home/yifulu/.conda/envs/dpm2/lib/python3.8/site-packages/tensorflow_io/python/ops/libtensorflow_io.so']
caused by: ['/home/yifulu/.conda/envs/dpm2/lib/python3.8/site-packages/tensorflow_io/python/ops/libtensorflow_io.so: undefined symbol: _ZTVN3tsl13GcsFileSystemE']
  warnings.warn(f"file system plugins are not loaded: {e}")
WARNING:tensorflow:From /home/yifulu/.conda/envs/dpm2/lib/python3.8/site-packages/tensorflow_gan/python/estimator/tpu_gan_estimator.py:42: The name tf.estimator.tpu.TPUEstimator is deprecated. Please use tf.compat.v1.estimator.tpu.TPUEstimator instead.

/home/yifulu/.conda/envs/dpm2/lib/python3.8/site-packages/absl/flags/_validators.py:254: UserWarning: Flag --eval_folder has a non-None default value; therefore, mark_flag_as_required will pass even if flag is not specified in the command line!
  mark_flag_as_required(flag_name, flag_values)
I0612 23:49:32.105819 23272337991488 resolver.py:108] Using /tmp/tfhub_modules to cache modules.
2023-06-12 23:49:34.763544: I tensorflow/core/common_runtime/gpu/gpu_device.cc:1613] Created device /job:localhost/replica:0/task:0/device:GPU:0 with 43087 MB memory:  -> device: 0, name: NVIDIA A40, pci bus id: 0000:1d:00.0, compute capability: 8.6
I0612 23:49:36.856505 23272337991488 evaluation_fromsample.py:48] begin checkpoint: 1
I0612 23:49:36.856769 23272337991488 evaluation_fromsample.py:52] /scratch/qingqu_root/qingqu1/shared_data/dpm_experiments/multistage_converge/i1
I0612 23:49:36.857900 23272337991488 evaluation_fromsample.py:67] evaluation -- ckpt: 1, round: 0
I0612 23:49:39.504941 23272337991488 xla_bridge.py:440] Unable to initialize backend 'cuda': module 'jaxlib.xla_extension' has no attribute 'GpuAllocatorConfig'
I0612 23:49:39.505136 23272337991488 xla_bridge.py:440] Unable to initialize backend 'rocm': module 'jaxlib.xla_extension' has no attribute 'GpuAllocatorConfig'
I0612 23:49:39.613398 23272337991488 xla_bridge.py:440] Unable to initialize backend 'tpu': INVALID_ARGUMENT: TpuPlatform is not available.
I0612 23:49:39.613597 23272337991488 xla_bridge.py:440] Unable to initialize backend 'plugin': xla_extension has no attributes named get_plugin_device_client. Compile TensorFlow with //tensorflow/compiler/xla/python:enable_plugin_device set to true (defaults to false) to enable this.
W0612 23:49:39.613672 23272337991488 xla_bridge.py:448] No GPU/TPU found, falling back to CPU. (Set TF_CPP_MIN_LOG_LEVEL=0 and rerun for more info.)
WARNING:tensorflow:From /home/yifulu/.conda/envs/dpm2/lib/python3.8/site-packages/tensorflow/python/autograph/pyct/static_analysis/liveness.py:83: Analyzer.lamba_check (from tensorflow.python.autograph.pyct.static_analysis.liveness) is deprecated and will be removed after 2023-09-23.
Instructions for updating:
Lambda fuctions will be no more assumed to be used in the statement where they are used, or at least in the same block. https://github.com/tensorflow/tensorflow/issues/56089
W0612 23:49:40.783241 23272337991488 deprecation.py:350] From /home/yifulu/.conda/envs/dpm2/lib/python3.8/site-packages/tensorflow/python/autograph/pyct/static_analysis/liveness.py:83: Analyzer.lamba_check (from tensorflow.python.autograph.pyct.static_analysis.liveness) is deprecated and will be removed after 2023-09-23.
Instructions for updating:
Lambda fuctions will be no more assumed to be used in the statement where they are used, or at least in the same block. https://github.com/tensorflow/tensorflow/issues/56089
2023-06-12 23:49:47.231627: I tensorflow/compiler/xla/stream_executor/cuda/cuda_dnn.cc:428] Loaded cuDNN version 8700
2023-06-12 23:49:49.744075: W tensorflow/core/kernels/gpu_utils.cc:50] Failed to allocate memory for convolution redzone checking; skipping this check. This is benign and only means that we won't check cudnn for out-of-bounds reads and writes. This message will only be printed once.
2023-06-12 23:49:56.627844: I tensorflow/compiler/xla/stream_executor/cuda/cuda_blas.cc:630] TensorFloat-32 will be used for the matrix multiplication. This will only be logged once.
/home/yifulu/.conda/envs/dpm2/lib/python3.8/site-packages/tensorflow/python/util/nest.py:917: UserWarning: `tf.layers.flatten` is deprecated and will be removed in a future version. Please use `tf.keras.layers.Flatten` instead.
  structure[0], [func(*x) for x in entries],
/home/yifulu/.conda/envs/dpm2/lib/python3.8/site-packages/keras/legacy_tf_layers/base.py:627: UserWarning: `layer.updates` will be removed in a future version. This property should not be used in TensorFlow 2.0, as `updates` are applied automatically.
  self.updates, tf.compat.v1.GraphKeys.UPDATE_OPS
I0612 23:49:57.265932 23272337991488 evaluation_fromsample.py:67] evaluation -- ckpt: 1, round: 1
I0612 23:49:59.807044 23272337991488 evaluation_fromsample.py:67] evaluation -- ckpt: 1, round: 10
I0612 23:50:02.599760 23272337991488 evaluation_fromsample.py:67] evaluation -- ckpt: 1, round: 11
I0612 23:50:04.940756 23272337991488 evaluation_fromsample.py:67] evaluation -- ckpt: 1, round: 12
I0612 23:50:07.312430 23272337991488 evaluation_fromsample.py:67] evaluation -- ckpt: 1, round: 13
I0612 23:50:09.803707 23272337991488 evaluation_fromsample.py:67] evaluation -- ckpt: 1, round: 14
I0612 23:50:11.951444 23272337991488 evaluation_fromsample.py:67] evaluation -- ckpt: 1, round: 15
I0612 23:50:14.359493 23272337991488 evaluation_fromsample.py:67] evaluation -- ckpt: 1, round: 16
I0612 23:50:16.693834 23272337991488 evaluation_fromsample.py:67] evaluation -- ckpt: 1, round: 17
I0612 23:50:19.483637 23272337991488 evaluation_fromsample.py:67] evaluation -- ckpt: 1, round: 18
I0612 23:50:22.135718 23272337991488 evaluation_fromsample.py:67] evaluation -- ckpt: 1, round: 19
I0612 23:50:23.669856 23272337991488 evaluation_fromsample.py:67] evaluation -- ckpt: 1, round: 2
I0612 23:50:27.043730 23272337991488 evaluation_fromsample.py:67] evaluation -- ckpt: 1, round: 20
I0612 23:50:29.164831 23272337991488 evaluation_fromsample.py:67] evaluation -- ckpt: 1, round: 21
I0612 23:50:31.844000 23272337991488 evaluation_fromsample.py:67] evaluation -- ckpt: 1, round: 22
I0612 23:50:34.537749 23272337991488 evaluation_fromsample.py:67] evaluation -- ckpt: 1, round: 23
I0612 23:50:37.415733 23272337991488 evaluation_fromsample.py:67] evaluation -- ckpt: 1, round: 24
I0612 23:50:39.203986 23272337991488 evaluation_fromsample.py:67] evaluation -- ckpt: 1, round: 25
I0612 23:50:41.254622 23272337991488 evaluation_fromsample.py:67] evaluation -- ckpt: 1, round: 26
I0612 23:50:43.368229 23272337991488 evaluation_fromsample.py:67] evaluation -- ckpt: 1, round: 27
I0612 23:50:45.700747 23272337991488 evaluation_fromsample.py:67] evaluation -- ckpt: 1, round: 28
I0612 23:50:47.891024 23272337991488 evaluation_fromsample.py:67] evaluation -- ckpt: 1, round: 29
I0612 23:50:49.605441 23272337991488 evaluation_fromsample.py:67] evaluation -- ckpt: 1, round: 3
I0612 23:50:52.058629 23272337991488 evaluation_fromsample.py:67] evaluation -- ckpt: 1, round: 30
I0612 23:50:55.636917 23272337991488 evaluation_fromsample.py:67] evaluation -- ckpt: 1, round: 31
I0612 23:50:57.430559 23272337991488 evaluation_fromsample.py:67] evaluation -- ckpt: 1, round: 32
I0612 23:50:58.887670 23294335592256 main_interval.py:148] /scratch/qingqu_root/qingqu1/shared_data/dpm_experiments/multistage/checkpoints/checkpoint_12.pth
I0612 23:50:59.949135 23272337991488 evaluation_fromsample.py:67] evaluation -- ckpt: 1, round: 33
I0612 23:51:01.940135 23272337991488 evaluation_fromsample.py:67] evaluation -- ckpt: 1, round: 34
I0612 23:51:03.567036 23272337991488 evaluation_fromsample.py:67] evaluation -- ckpt: 1, round: 35
I0612 23:51:05.887183 23272337991488 evaluation_fromsample.py:67] evaluation -- ckpt: 1, round: 36
I0612 23:51:08.347796 23272337991488 evaluation_fromsample.py:67] evaluation -- ckpt: 1, round: 37
I0612 23:51:10.933549 23272337991488 evaluation_fromsample.py:67] evaluation -- ckpt: 1, round: 38
I0612 23:51:13.257319 23272337991488 evaluation_fromsample.py:67] evaluation -- ckpt: 1, round: 39
I0612 23:51:16.463409 23272337991488 evaluation_fromsample.py:67] evaluation -- ckpt: 1, round: 4
I0612 23:51:18.370323 23272337991488 evaluation_fromsample.py:67] evaluation -- ckpt: 1, round: 40
I0612 23:51:21.724766 23272337991488 evaluation_fromsample.py:67] evaluation -- ckpt: 1, round: 41
I0612 23:51:23.780900 23272337991488 evaluation_fromsample.py:67] evaluation -- ckpt: 1, round: 42
I0612 23:51:25.871536 23272337991488 evaluation_fromsample.py:67] evaluation -- ckpt: 1, round: 43
I0612 23:51:28.243787 23272337991488 evaluation_fromsample.py:67] evaluation -- ckpt: 1, round: 44
I0612 23:51:30.705196 23272337991488 evaluation_fromsample.py:67] evaluation -- ckpt: 1, round: 45
I0612 23:51:33.335833 23272337991488 evaluation_fromsample.py:67] evaluation -- ckpt: 1, round: 46
I0612 23:51:35.173130 23272337991488 evaluation_fromsample.py:67] evaluation -- ckpt: 1, round: 47
I0612 23:51:37.875122 23272337991488 evaluation_fromsample.py:67] evaluation -- ckpt: 1, round: 48
I0612 23:51:40.406067 23272337991488 evaluation_fromsample.py:67] evaluation -- ckpt: 1, round: 5
I0612 23:51:42.518659 23272337991488 evaluation_fromsample.py:67] evaluation -- ckpt: 1, round: 6
I0612 23:51:45.185148 23272337991488 evaluation_fromsample.py:67] evaluation -- ckpt: 1, round: 7
I0612 23:51:47.600561 23272337991488 evaluation_fromsample.py:67] evaluation -- ckpt: 1, round: 8
I0612 23:51:50.048043 23272337991488 evaluation_fromsample.py:67] evaluation -- ckpt: 1, round: 9
I0612 23:53:59.637224 23272337991488 evaluation_fromsample.py:105] ckpt-1 --- FID: 3.013079e+00
I0612 23:53:59.640865 23272337991488 evaluation_fromsample.py:52] /scratch/qingqu_root/qingqu1/shared_data/dpm_experiments/multistage_converge/i1
I0612 23:53:59.641670 23272337991488 evaluation_fromsample.py:67] evaluation -- ckpt: 2, round: 0
I0612 23:54:02.174824 23272337991488 evaluation_fromsample.py:67] evaluation -- ckpt: 2, round: 1
I0612 23:54:04.316970 23272337991488 evaluation_fromsample.py:67] evaluation -- ckpt: 2, round: 10
I0612 23:54:06.813446 23272337991488 evaluation_fromsample.py:67] evaluation -- ckpt: 2, round: 11
I0612 23:54:09.445832 23272337991488 evaluation_fromsample.py:67] evaluation -- ckpt: 2, round: 12
I0612 23:54:12.065661 23272337991488 evaluation_fromsample.py:67] evaluation -- ckpt: 2, round: 13
I0612 23:54:14.226546 23272337991488 evaluation_fromsample.py:67] evaluation -- ckpt: 2, round: 14
I0612 23:54:16.808360 23272337991488 evaluation_fromsample.py:67] evaluation -- ckpt: 2, round: 15
I0612 23:54:18.336113 23272337991488 evaluation_fromsample.py:67] evaluation -- ckpt: 2, round: 16
I0612 23:54:20.854988 23272337991488 evaluation_fromsample.py:67] evaluation -- ckpt: 2, round: 17
I0612 23:54:23.221435 23272337991488 evaluation_fromsample.py:67] evaluation -- ckpt: 2, round: 18
I0612 23:54:25.811094 23272337991488 evaluation_fromsample.py:67] evaluation -- ckpt: 2, round: 19
I0612 23:54:27.877324 23272337991488 evaluation_fromsample.py:67] evaluation -- ckpt: 2, round: 2
I0612 23:54:30.369314 23272337991488 evaluation_fromsample.py:67] evaluation -- ckpt: 2, round: 20
I0612 23:54:32.364334 23272337991488 evaluation_fromsample.py:67] evaluation -- ckpt: 2, round: 21
I0612 23:54:33.994849 23272337991488 evaluation_fromsample.py:67] evaluation -- ckpt: 2, round: 22
I0612 23:54:36.258464 23272337991488 evaluation_fromsample.py:67] evaluation -- ckpt: 2, round: 23
I0612 23:54:38.116974 23272337991488 evaluation_fromsample.py:67] evaluation -- ckpt: 2, round: 24
I0612 23:54:40.693314 23272337991488 evaluation_fromsample.py:67] evaluation -- ckpt: 2, round: 25
I0612 23:54:43.516456 23272337991488 evaluation_fromsample.py:67] evaluation -- ckpt: 2, round: 26
I0612 23:54:46.312503 23272337991488 evaluation_fromsample.py:67] evaluation -- ckpt: 2, round: 27
I0612 23:54:48.837232 23272337991488 evaluation_fromsample.py:67] evaluation -- ckpt: 2, round: 28
I0612 23:54:51.950225 23272337991488 evaluation_fromsample.py:67] evaluation -- ckpt: 2, round: 29
I0612 23:54:53.627188 23272337991488 evaluation_fromsample.py:67] evaluation -- ckpt: 2, round: 3
I0612 23:54:57.557431 23272337991488 evaluation_fromsample.py:67] evaluation -- ckpt: 2, round: 30
I0612 23:55:00.432558 23272337991488 evaluation_fromsample.py:67] evaluation -- ckpt: 2, round: 31
I0612 23:55:03.984700 23272337991488 evaluation_fromsample.py:67] evaluation -- ckpt: 2, round: 32
I0612 23:55:06.580493 23272337991488 evaluation_fromsample.py:67] evaluation -- ckpt: 2, round: 33
I0612 23:55:08.637592 23272337991488 evaluation_fromsample.py:67] evaluation -- ckpt: 2, round: 34
I0612 23:55:11.115364 23272337991488 evaluation_fromsample.py:67] evaluation -- ckpt: 2, round: 35
I0612 23:55:13.490483 23272337991488 evaluation_fromsample.py:67] evaluation -- ckpt: 2, round: 36
I0612 23:55:15.181578 23272337991488 evaluation_fromsample.py:67] evaluation -- ckpt: 2, round: 37
I0612 23:55:18.040662 23272337991488 evaluation_fromsample.py:67] evaluation -- ckpt: 2, round: 38
I0612 23:55:20.315339 23272337991488 evaluation_fromsample.py:67] evaluation -- ckpt: 2, round: 39
I0612 23:55:23.659508 23272337991488 evaluation_fromsample.py:67] evaluation -- ckpt: 2, round: 4
I0612 23:55:26.230880 23272337991488 evaluation_fromsample.py:67] evaluation -- ckpt: 2, round: 40
I0612 23:55:28.506790 23272337991488 evaluation_fromsample.py:67] evaluation -- ckpt: 2, round: 41
I0612 23:55:30.795674 23272337991488 evaluation_fromsample.py:67] evaluation -- ckpt: 2, round: 42
I0612 23:55:34.984004 23272337991488 evaluation_fromsample.py:67] evaluation -- ckpt: 2, round: 43
I0612 23:55:37.124480 23272337991488 evaluation_fromsample.py:67] evaluation -- ckpt: 2, round: 44
I0612 23:55:39.878686 23272337991488 evaluation_fromsample.py:67] evaluation -- ckpt: 2, round: 45
I0612 23:55:42.635351 23272337991488 evaluation_fromsample.py:67] evaluation -- ckpt: 2, round: 46
I0612 23:55:44.639762 23272337991488 evaluation_fromsample.py:67] evaluation -- ckpt: 2, round: 47
I0612 23:55:47.165146 23272337991488 evaluation_fromsample.py:67] evaluation -- ckpt: 2, round: 48
I0612 23:55:49.785478 23272337991488 evaluation_fromsample.py:67] evaluation -- ckpt: 2, round: 5
I0612 23:55:52.298406 23272337991488 evaluation_fromsample.py:67] evaluation -- ckpt: 2, round: 6
I0612 23:55:54.650947 23272337991488 evaluation_fromsample.py:67] evaluation -- ckpt: 2, round: 7
I0612 23:55:57.575318 23272337991488 evaluation_fromsample.py:67] evaluation -- ckpt: 2, round: 8
I0612 23:56:00.460991 23272337991488 evaluation_fromsample.py:67] evaluation -- ckpt: 2, round: 9
I0612 23:58:10.637426 23272337991488 evaluation_fromsample.py:105] ckpt-2 --- FID: 2.895464e+00
I0612 23:58:10.638933 23272337991488 evaluation_fromsample.py:52] /scratch/qingqu_root/qingqu1/shared_data/dpm_experiments/multistage_converge/i1
I0612 23:58:10.639882 23272337991488 evaluation_fromsample.py:67] evaluation -- ckpt: 3, round: 0
I0612 23:58:12.323951 23272337991488 evaluation_fromsample.py:67] evaluation -- ckpt: 3, round: 1
I0612 23:58:15.299486 23272337991488 evaluation_fromsample.py:67] evaluation -- ckpt: 3, round: 10
I0612 23:58:17.630140 23272337991488 evaluation_fromsample.py:67] evaluation -- ckpt: 3, round: 11
I0612 23:58:19.212239 23272337991488 evaluation_fromsample.py:67] evaluation -- ckpt: 3, round: 12
I0612 23:58:21.374312 23272337991488 evaluation_fromsample.py:67] evaluation -- ckpt: 3, round: 13
I0612 23:58:23.635071 23272337991488 evaluation_fromsample.py:67] evaluation -- ckpt: 3, round: 14
I0612 23:58:26.218500 23272337991488 evaluation_fromsample.py:67] evaluation -- ckpt: 3, round: 15
I0612 23:58:28.413869 23272337991488 evaluation_fromsample.py:67] evaluation -- ckpt: 3, round: 16
I0612 23:58:30.366612 23272337991488 evaluation_fromsample.py:67] evaluation -- ckpt: 3, round: 17
I0612 23:58:32.725773 23272337991488 evaluation_fromsample.py:67] evaluation -- ckpt: 3, round: 18
I0612 23:58:35.251070 23272337991488 evaluation_fromsample.py:67] evaluation -- ckpt: 3, round: 19
I0612 23:58:37.197306 23272337991488 evaluation_fromsample.py:67] evaluation -- ckpt: 3, round: 2
I0612 23:58:39.638608 23272337991488 evaluation_fromsample.py:67] evaluation -- ckpt: 3, round: 20
I0612 23:58:42.637946 23272337991488 evaluation_fromsample.py:67] evaluation -- ckpt: 3, round: 21
I0612 23:58:45.182727 23272337991488 evaluation_fromsample.py:67] evaluation -- ckpt: 3, round: 22
I0612 23:58:47.694440 23272337991488 evaluation_fromsample.py:67] evaluation -- ckpt: 3, round: 23
I0612 23:58:50.434777 23272337991488 evaluation_fromsample.py:67] evaluation -- ckpt: 3, round: 24
I0612 23:58:52.233415 23272337991488 evaluation_fromsample.py:67] evaluation -- ckpt: 3, round: 25
I0612 23:58:54.900589 23272337991488 evaluation_fromsample.py:67] evaluation -- ckpt: 3, round: 26
I0612 23:58:57.442452 23272337991488 evaluation_fromsample.py:67] evaluation -- ckpt: 3, round: 27
I0612 23:58:59.825953 23272337991488 evaluation_fromsample.py:67] evaluation -- ckpt: 3, round: 28
I0612 23:59:02.412708 23272337991488 evaluation_fromsample.py:67] evaluation -- ckpt: 3, round: 29
I0612 23:59:05.108741 23272337991488 evaluation_fromsample.py:67] evaluation -- ckpt: 3, round: 3
I0612 23:59:07.696522 23272337991488 evaluation_fromsample.py:67] evaluation -- ckpt: 3, round: 30
I0612 23:59:10.615586 23272337991488 evaluation_fromsample.py:67] evaluation -- ckpt: 3, round: 31
I0612 23:59:13.022835 23272337991488 evaluation_fromsample.py:67] evaluation -- ckpt: 3, round: 32
I0612 23:59:14.775714 23272337991488 evaluation_fromsample.py:67] evaluation -- ckpt: 3, round: 33
I0612 23:59:17.254189 23272337991488 evaluation_fromsample.py:67] evaluation -- ckpt: 3, round: 34
I0612 23:59:18.995262 23272337991488 evaluation_fromsample.py:67] evaluation -- ckpt: 3, round: 35
I0612 23:59:22.163570 23272337991488 evaluation_fromsample.py:67] evaluation -- ckpt: 3, round: 36
I0612 23:59:24.966874 23272337991488 evaluation_fromsample.py:67] evaluation -- ckpt: 3, round: 37
I0612 23:59:27.564832 23272337991488 evaluation_fromsample.py:67] evaluation -- ckpt: 3, round: 38
I0612 23:59:29.918386 23272337991488 evaluation_fromsample.py:67] evaluation -- ckpt: 3, round: 39
I0612 23:59:31.722379 23272337991488 evaluation_fromsample.py:67] evaluation -- ckpt: 3, round: 4
I0612 23:59:34.349478 23272337991488 evaluation_fromsample.py:67] evaluation -- ckpt: 3, round: 40
I0612 23:59:36.941781 23272337991488 evaluation_fromsample.py:67] evaluation -- ckpt: 3, round: 41
I0612 23:59:39.160383 23272337991488 evaluation_fromsample.py:67] evaluation -- ckpt: 3, round: 42
I0612 23:59:41.022849 23272337991488 evaluation_fromsample.py:67] evaluation -- ckpt: 3, round: 43
I0612 23:59:43.860369 23272337991488 evaluation_fromsample.py:67] evaluation -- ckpt: 3, round: 44
I0612 23:59:45.356749 23272337991488 evaluation_fromsample.py:67] evaluation -- ckpt: 3, round: 45
I0612 23:59:46.985597 23272337991488 evaluation_fromsample.py:67] evaluation -- ckpt: 3, round: 46
I0612 23:59:48.854431 23272337991488 evaluation_fromsample.py:67] evaluation -- ckpt: 3, round: 47
I0612 23:59:51.423523 23272337991488 evaluation_fromsample.py:67] evaluation -- ckpt: 3, round: 48
I0612 23:59:54.555377 23272337991488 evaluation_fromsample.py:67] evaluation -- ckpt: 3, round: 5
I0612 23:59:56.482467 23272337991488 evaluation_fromsample.py:67] evaluation -- ckpt: 3, round: 6
I0612 23:59:58.727501 23272337991488 evaluation_fromsample.py:67] evaluation -- ckpt: 3, round: 7
I0613 00:00:00.337218 23272337991488 evaluation_fromsample.py:67] evaluation -- ckpt: 3, round: 8
I0613 00:00:02.783713 23272337991488 evaluation_fromsample.py:67] evaluation -- ckpt: 3, round: 9
I0613 00:01:35.256536 23272337991488 evaluation_fromsample.py:105] ckpt-3 --- FID: 2.830576e+00
I0613 00:01:35.257765 23272337991488 evaluation_fromsample.py:52] /scratch/qingqu_root/qingqu1/shared_data/dpm_experiments/multistage_converge/i1
I0613 00:01:35.258802 23272337991488 evaluation_fromsample.py:67] evaluation -- ckpt: 4, round: 0
I0613 00:01:36.848972 23272337991488 evaluation_fromsample.py:67] evaluation -- ckpt: 4, round: 1
I0613 00:01:38.824645 23272337991488 evaluation_fromsample.py:67] evaluation -- ckpt: 4, round: 10
I0613 00:01:40.923854 23272337991488 evaluation_fromsample.py:67] evaluation -- ckpt: 4, round: 11
I0613 00:01:43.165631 23272337991488 evaluation_fromsample.py:67] evaluation -- ckpt: 4, round: 12
I0613 00:01:45.708198 23272337991488 evaluation_fromsample.py:67] evaluation -- ckpt: 4, round: 13
I0613 00:01:47.955223 23272337991488 evaluation_fromsample.py:67] evaluation -- ckpt: 4, round: 14
I0613 00:01:50.555287 23272337991488 evaluation_fromsample.py:67] evaluation -- ckpt: 4, round: 15
I0613 00:01:53.361902 23272337991488 evaluation_fromsample.py:67] evaluation -- ckpt: 4, round: 16
I0613 00:01:55.806577 23272337991488 evaluation_fromsample.py:67] evaluation -- ckpt: 4, round: 17
I0613 00:01:58.158761 23272337991488 evaluation_fromsample.py:67] evaluation -- ckpt: 4, round: 18
I0613 00:02:00.086133 23272337991488 evaluation_fromsample.py:67] evaluation -- ckpt: 4, round: 19
I0613 00:02:03.427532 23272337991488 evaluation_fromsample.py:67] evaluation -- ckpt: 4, round: 2
I0613 00:02:05.265051 23272337991488 evaluation_fromsample.py:67] evaluation -- ckpt: 4, round: 20
I0613 00:02:06.754938 23272337991488 evaluation_fromsample.py:67] evaluation -- ckpt: 4, round: 21
I0613 00:02:09.406453 23272337991488 evaluation_fromsample.py:67] evaluation -- ckpt: 4, round: 22
I0613 00:02:11.597149 23272337991488 evaluation_fromsample.py:67] evaluation -- ckpt: 4, round: 23
I0613 00:02:13.945885 23272337991488 evaluation_fromsample.py:67] evaluation -- ckpt: 4, round: 24
I0613 00:02:16.395633 23272337991488 evaluation_fromsample.py:67] evaluation -- ckpt: 4, round: 25
I0613 00:02:18.844242 23272337991488 evaluation_fromsample.py:67] evaluation -- ckpt: 4, round: 26
I0613 00:02:21.348717 23272337991488 evaluation_fromsample.py:67] evaluation -- ckpt: 4, round: 27
I0613 00:02:23.947854 23272337991488 evaluation_fromsample.py:67] evaluation -- ckpt: 4, round: 28
I0613 00:02:26.408083 23272337991488 evaluation_fromsample.py:67] evaluation -- ckpt: 4, round: 29
I0613 00:02:28.561171 23272337991488 evaluation_fromsample.py:67] evaluation -- ckpt: 4, round: 3
I0613 00:02:30.528701 23272337991488 evaluation_fromsample.py:67] evaluation -- ckpt: 4, round: 30
I0613 00:02:33.215736 23272337991488 evaluation_fromsample.py:67] evaluation -- ckpt: 4, round: 31
I0613 00:02:35.627420 23272337991488 evaluation_fromsample.py:67] evaluation -- ckpt: 4, round: 32
I0613 00:02:37.583439 23272337991488 evaluation_fromsample.py:67] evaluation -- ckpt: 4, round: 33
I0613 00:02:39.864068 23272337991488 evaluation_fromsample.py:67] evaluation -- ckpt: 4, round: 34
I0613 00:02:42.190085 23272337991488 evaluation_fromsample.py:67] evaluation -- ckpt: 4, round: 35
I0613 00:02:44.129812 23272337991488 evaluation_fromsample.py:67] evaluation -- ckpt: 4, round: 36
I0613 00:02:47.119683 23272337991488 evaluation_fromsample.py:67] evaluation -- ckpt: 4, round: 37
I0613 00:02:49.455467 23272337991488 evaluation_fromsample.py:67] evaluation -- ckpt: 4, round: 38
I0613 00:02:52.189465 23272337991488 evaluation_fromsample.py:67] evaluation -- ckpt: 4, round: 39
I0613 00:02:54.857100 23272337991488 evaluation_fromsample.py:67] evaluation -- ckpt: 4, round: 4
I0613 00:02:57.618864 23272337991488 evaluation_fromsample.py:67] evaluation -- ckpt: 4, round: 40
I0613 00:02:59.416946 23272337991488 evaluation_fromsample.py:67] evaluation -- ckpt: 4, round: 41
I0613 00:03:01.925212 23272337991488 evaluation_fromsample.py:67] evaluation -- ckpt: 4, round: 42
I0613 00:03:04.157957 23272337991488 evaluation_fromsample.py:67] evaluation -- ckpt: 4, round: 43
I0613 00:03:06.108715 23272337991488 evaluation_fromsample.py:67] evaluation -- ckpt: 4, round: 44
I0613 00:03:08.424610 23272337991488 evaluation_fromsample.py:67] evaluation -- ckpt: 4, round: 45
I0613 00:03:10.542870 23272337991488 evaluation_fromsample.py:67] evaluation -- ckpt: 4, round: 46
I0613 00:03:13.710015 23272337991488 evaluation_fromsample.py:67] evaluation -- ckpt: 4, round: 47
I0613 00:03:16.037379 23272337991488 evaluation_fromsample.py:67] evaluation -- ckpt: 4, round: 48
I0613 00:03:17.976737 23272337991488 evaluation_fromsample.py:67] evaluation -- ckpt: 4, round: 5
I0613 00:03:19.569630 23272337991488 evaluation_fromsample.py:67] evaluation -- ckpt: 4, round: 6
I0613 00:03:21.984743 23272337991488 evaluation_fromsample.py:67] evaluation -- ckpt: 4, round: 7
I0613 00:03:24.370139 23272337991488 evaluation_fromsample.py:67] evaluation -- ckpt: 4, round: 8
I0613 00:03:26.899937 23272337991488 evaluation_fromsample.py:67] evaluation -- ckpt: 4, round: 9
I0613 00:04:53.759388 23272337991488 evaluation_fromsample.py:105] ckpt-4 --- FID: 2.814095e+00
I0613 00:04:53.760380 23272337991488 evaluation_fromsample.py:52] /scratch/qingqu_root/qingqu1/shared_data/dpm_experiments/multistage_converge/i1
I0613 00:04:53.761285 23272337991488 evaluation_fromsample.py:67] evaluation -- ckpt: 5, round: 0
I0613 00:04:55.505149 23272337991488 evaluation_fromsample.py:67] evaluation -- ckpt: 5, round: 1
I0613 00:04:58.019402 23272337991488 evaluation_fromsample.py:67] evaluation -- ckpt: 5, round: 10
I0613 00:05:00.180498 23272337991488 evaluation_fromsample.py:67] evaluation -- ckpt: 5, round: 11
I0613 00:05:02.538337 23272337991488 evaluation_fromsample.py:67] evaluation -- ckpt: 5, round: 12
